// Jest Snapshot v1, https://goo.gl/fbAQLP

exports[`FlowLogActionIndicator should match the snapshot 1`] = `
<DocumentFragment>
  <div
    class="css-1tljkm1"
  >
    <div
      class="css-1bjzhfd"
    />
    <p
      class="chakra-text css-0"
    >
      log
    </p>
  </div>
  <span
    hidden=""
    id="__chakra_env"
  />
</DocumentFragment>
`;
